* ******************************************************************************

* iCEcube Report

* Version:            2017.08.27940

* Build Date:         Sep 11 2017 16:52:36

* File Generated:     Sep 9 2018 06:23:30

* Purpose:            General info of design implementation

* Copyright (C) 2006-2010 by Lattice Semiconductor Corp. All rights reserved.

* ******************************************************************************

Synthesis/Placement Summary:
----------------------------
    Status:  Successful
    Runtime: 1 seconds

Device Info:
------------
    Device Family: iCE40
    Device:        iCE40HX8K
    Package:       BG121

Design statistics:
------------------
    FFs:                  31
    LUTs:                 87
    RAMs:                 0
    IOBs:                 40
    GBs:                  1
    PLLs:                 1
    Warm Boots:           0

Logic Resource Utilization:
---------------------------
    Total Logic Cells: 87/7680
        Combinational Logic Cells: 56       out of   7680      0.729167%
        Sequential Logic Cells:    31       out of   7680      0.403646%
        Logic Tiles:               28       out of   960       2.91667%
    Registers: 
        Logic Registers:           31       out of   7680      0.403646%
        IO Registers:              0        out of   1280      0
    Block RAMs:                    0        out of   32        0%
    Warm Boots:                    0        out of   1         0%
    Pins:
        Input Pins:                3        out of   93        3.22581%
        Output Pins:               37       out of   93        39.7849%
        InOut Pins:                0        out of   93        0%
    Global Buffers:                1        out of   8         12.5%
    PLLs:                          1        out of   2         50%

IO Bank Utilization:
--------------------
    Bank 3: 17       out of   26        65.3846%
    Bank 1: 0        out of   21        0%
    Bank 0: 20       out of   23        86.9565%
    Bank 2: 3        out of   23        13.0435%

Detailed I/O Info:
------------------
    Input Pins: 
    Pin Number  Direction  IO Standard  Pull Up  IO Bank  IO Function                   Signal Name  
    ----------  ---------  -----------  -------  -------  -----------                   -----------  
    E2          Input      SB_LVCMOS    Yes      3        Simple Input                  DEBUG[7]     
    J5          Input      SB_LVCMOS    Yes      2        Simple Input                  TVP_VSYNC    
    K6          Input      SB_LVCMOS    Yes      2        Simple Input                  TVP_CLK      

    Output Pins: 
    Pin Number  Direction  IO Standard  Pull Up  IO Bank  IO Function                   Signal Name  
    ----------  ---------  -----------  -------  -------  -----------                   -----------  
    A1          Output     SB_LVCMOS    No       0        Simple Output                 ADV_G[0]     
    A2          Output     SB_LVCMOS    No       0        Simple Output                 ADV_G[1]     
    A3          Output     SB_LVCMOS    No       0        Simple Output                 ADV_G[3]     
    A4          Output     SB_LVCMOS    No       0        Simple Output                 ADV_G[5]     
    A5          Output     SB_LVCMOS    No       0        Simple Output                 ADV_G[7]     
    A6          Output     SB_LVCMOS    No       0        Simple Output                 ADV_B[0]     
    A7          Output     SB_LVCMOS    No       0        Simple Output                 ADV_B[1]     
    A8          Output     SB_LVCMOS    No       0        Simple Output                 ADV_B[2]     
    A9          Output     SB_LVCMOS    No       0        Simple Output                 ADV_B[4]     
    A10         Output     SB_LVCMOS    No       0        Simple Output                 ADV_B[6]     
    A11         Output     SB_LVCMOS    No       0        Simple Output                 ADV_B[7]     
    B1          Output     SB_LVCMOS    No       3        Simple Output                 ADV_R[6]     
    B2          Output     SB_LVCMOS    No       3        Simple Output                 ADV_R[7]     
    B3          Output     SB_LVCMOS    No       0        Simple Output                 ADV_G[2]     
    B4          Output     SB_LVCMOS    No       0        Simple Output                 ADV_G[4]     
    B5          Output     SB_LVCMOS    No       0        Simple Output                 ADV_G[6]     
    B8          Output     SB_LVCMOS    No       0        Simple Output                 ADV_B[3]     
    B9          Output     SB_LVCMOS    No       0        Simple Output                 ADV_B[5]     
    C1          Output     SB_LVCMOS    No       3        Simple Output                 ADV_R[4]     
    C2          Output     SB_LVCMOS    No       3        Simple Output                 ADV_R[5]     
    C3          Output     SB_LVCMOS    No       3        Simple Output                 ADV_R[1]     
    C4          Output     SB_LVCMOS    No       3        Simple Output                 ADV_R[0]     
    C7          Output     SB_LVCMOS    Yes      0        Simple Output                 ADV_BLANK_N  
    C8          Output     SB_LVCMOS    Yes      0        Simple Output                 ADV_SYNC_N   
    C9          Output     SB_LVCMOS    No       0        Simple Output                 ADV_CLK      
    D1          Output     SB_LVCMOS    No       3        Simple Output                 ADV_R[2]     
    D2          Output     SB_LVCMOS    No       3        Simple Output                 ADV_R[3]     
    D3          Output     SB_LVCMOS    No       3        Simple Output                 ADV_HSYNC    
    D5          Output     SB_LVCMOS    No       0        Output Tristatable by Enable  DEBUG[5]     
    E1          Output     SB_LVCMOS    No       3        Simple Output                 ADV_VSYNC    
    F1          Output     SB_LVCMOS    No       3        Output Tristatable by Enable  DEBUG[4]     
    F2          Output     SB_LVCMOS    Yes      3        Simple Output                 DEBUG[6]     
    G2          Output     SB_LVCMOS    No       3        Output Tristatable by Enable  DEBUG[3]     
    H2          Output     SB_LVCMOS    No       3        Output Tristatable by Enable  DEBUG[2]     
    J1          Output     SB_LVCMOS    No       3        Output Tristatable by Enable  DEBUG[1]     
    J2          Output     SB_LVCMOS    No       3        Output Tristatable by Enable  DEBUG[0]     
    J8          Output     SB_LVCMOS    No       2        Simple Output                 LED          

Detailed Global Buffer Info:
----------------------------
    Buffer Number  IO Bank  Driven By  Fanout  Signal Name
    -------------  -------  ---------  ------  -----------
    3              2        IO         9       TVP_CLK_c  


Router Summary:
---------------
    Status:  Successful
    Runtime: 17 seconds

Routing Resource Utilization:
-----------------------------
              Local line of tile      574 out of 146184      0.392656%
                          Span 4      162 out of  29696      0.545528%
                         Span 12       45 out of   5632      0.799006%
                  Global network        1 out of      8      12.5%
      Vertical Inter-LUT Connect       11 out of   6720      0.16369%

