--------------------------------------------------------------------------------
Lattice Synthesis Timing Report, Version  
Sun Sep 09 21:37:31 2018

Copyright (c) 1991-1994 by NeoCAD Inc. All rights reserved.
Copyright (c) 1995 AT&T Corp.   All rights reserved.
Copyright (c) 1995-2001 Lucent Technologies Inc.  All rights reserved.
Copyright (c) 2001 Agere Systems   All rights reserved.
Copyright (c) 2002-2016 Lattice Semiconductor Corporation,  All rights reserved.

Report Information
------------------
Design:     main
Constraint file:  
Report level:    verbose report, limited to 3 items per constraint
--------------------------------------------------------------------------------



================================================================================
Constraint: create_clock -period 20.000000 -name clk1 [get_nets TVP_CLK_c]
            77 items scored, 0 timing errors detected.
--------------------------------------------------------------------------------


Passed:  The following path meets requirements by 9.041ns

 Logical Details:  Cell type  Pin type       Cell name  (clock net +/-)

   Source:         SB_DFFESR  C              \receive_module/rx_counter/FRAME_COUNTER_74__i0  (from TVP_CLK_c +)
   Destination:    SB_DFFESR  D              \receive_module/rx_counter/FRAME_COUNTER_74__i5  (to TVP_CLK_c +)

   Delay:                  10.826ns  (26.0% logic, 74.0% route), 7 logic levels.

 Constraint Details:

     10.826ns data_path \receive_module/rx_counter/FRAME_COUNTER_74__i0 to \receive_module/rx_counter/FRAME_COUNTER_74__i5 meets
     20.000ns delay constraint less
      0.133ns L_S requirement (totaling 19.867ns) by 9.041ns

 Path Details: \receive_module/rx_counter/FRAME_COUNTER_74__i0 to \receive_module/rx_counter/FRAME_COUNTER_74__i5

   Name    Fanout   Delay (ns)          Pins               Resource(Cell.Net)
L_CO        ---     0.367              C to Q              \receive_module/rx_counter/FRAME_COUNTER_74__i0 (from TVP_CLK_c)
Route         3   e 1.339                                  \receive_module/rx_counter/FRAME_COUNTER[0]
LUT4        ---     0.408             I1 to CO             \receive_module/rx_counter/FRAME_COUNTER_74_add_4_2
Route         2   e 1.158                                  \receive_module/rx_counter/n1009
LUT4        ---     0.408             CI to CO             \receive_module/rx_counter/FRAME_COUNTER_74_add_4_3
Route         2   e 1.158                                  \receive_module/rx_counter/n1010
LUT4        ---     0.408             CI to CO             \receive_module/rx_counter/FRAME_COUNTER_74_add_4_4
Route         2   e 1.158                                  \receive_module/rx_counter/n1011
LUT4        ---     0.408             CI to CO             \receive_module/rx_counter/FRAME_COUNTER_74_add_4_5
Route         2   e 1.158                                  \receive_module/rx_counter/n1012
LUT4        ---     0.408             CI to CO             \receive_module/rx_counter/FRAME_COUNTER_74_add_4_6
Route         1   e 1.020                                  \receive_module/rx_counter/n1013
LUT4        ---     0.408             I3 to O              \receive_module/rx_counter/FRAME_COUNTER_74_add_4_7_lut
Route         1   e 1.020                                  \receive_module/rx_counter/n30
                  --------
                   10.826  (26.0% logic, 74.0% route), 7 logic levels.


Passed:  The following path meets requirements by 10.469ns

 Logical Details:  Cell type  Pin type       Cell name  (clock net +/-)

   Source:         SB_DFFESR  C              \receive_module/rx_counter/FRAME_COUNTER_74__i0  (from TVP_CLK_c +)
   Destination:    SB_DFFESR  D              \receive_module/rx_counter/FRAME_COUNTER_74__i4  (to TVP_CLK_c +)

   Delay:                   9.398ns  (25.6% logic, 74.4% route), 6 logic levels.

 Constraint Details:

      9.398ns data_path \receive_module/rx_counter/FRAME_COUNTER_74__i0 to \receive_module/rx_counter/FRAME_COUNTER_74__i4 meets
     20.000ns delay constraint less
      0.133ns L_S requirement (totaling 19.867ns) by 10.469ns

 Path Details: \receive_module/rx_counter/FRAME_COUNTER_74__i0 to \receive_module/rx_counter/FRAME_COUNTER_74__i4

   Name    Fanout   Delay (ns)          Pins               Resource(Cell.Net)
L_CO        ---     0.367              C to Q              \receive_module/rx_counter/FRAME_COUNTER_74__i0 (from TVP_CLK_c)
Route         3   e 1.339                                  \receive_module/rx_counter/FRAME_COUNTER[0]
LUT4        ---     0.408             I1 to CO             \receive_module/rx_counter/FRAME_COUNTER_74_add_4_2
Route         2   e 1.158                                  \receive_module/rx_counter/n1009
LUT4        ---     0.408             CI to CO             \receive_module/rx_counter/FRAME_COUNTER_74_add_4_3
Route         2   e 1.158                                  \receive_module/rx_counter/n1010
LUT4        ---     0.408             CI to CO             \receive_module/rx_counter/FRAME_COUNTER_74_add_4_4
Route         2   e 1.158                                  \receive_module/rx_counter/n1011
LUT4        ---     0.408             CI to CO             \receive_module/rx_counter/FRAME_COUNTER_74_add_4_5
Route         2   e 1.158                                  \receive_module/rx_counter/n1012
LUT4        ---     0.408             I3 to O              \receive_module/rx_counter/FRAME_COUNTER_74_add_4_6_lut
Route         1   e 1.020                                  \receive_module/rx_counter/n31
                  --------
                    9.398  (25.6% logic, 74.4% route), 6 logic levels.


Passed:  The following path meets requirements by 10.549ns

 Logical Details:  Cell type  Pin type       Cell name  (clock net +/-)

   Source:         SB_DFFESR  C              \receive_module/rx_counter/FRAME_COUNTER_74__i1  (from TVP_CLK_c +)
   Destination:    SB_DFFESR  D              \receive_module/rx_counter/FRAME_COUNTER_74__i5  (to TVP_CLK_c +)

   Delay:                   9.318ns  (25.8% logic, 74.2% route), 6 logic levels.

 Constraint Details:

      9.318ns data_path \receive_module/rx_counter/FRAME_COUNTER_74__i1 to \receive_module/rx_counter/FRAME_COUNTER_74__i5 meets
     20.000ns delay constraint less
      0.133ns L_S requirement (totaling 19.867ns) by 10.549ns

 Path Details: \receive_module/rx_counter/FRAME_COUNTER_74__i1 to \receive_module/rx_counter/FRAME_COUNTER_74__i5

   Name    Fanout   Delay (ns)          Pins               Resource(Cell.Net)
L_CO        ---     0.367              C to Q              \receive_module/rx_counter/FRAME_COUNTER_74__i1 (from TVP_CLK_c)
Route         4   e 1.397                                  \receive_module/rx_counter/FRAME_COUNTER[1]
LUT4        ---     0.408             I1 to CO             \receive_module/rx_counter/FRAME_COUNTER_74_add_4_3
Route         2   e 1.158                                  \receive_module/rx_counter/n1010
LUT4        ---     0.408             CI to CO             \receive_module/rx_counter/FRAME_COUNTER_74_add_4_4
Route         2   e 1.158                                  \receive_module/rx_counter/n1011
LUT4        ---     0.408             CI to CO             \receive_module/rx_counter/FRAME_COUNTER_74_add_4_5
Route         2   e 1.158                                  \receive_module/rx_counter/n1012
LUT4        ---     0.408             CI to CO             \receive_module/rx_counter/FRAME_COUNTER_74_add_4_6
Route         1   e 1.020                                  \receive_module/rx_counter/n1013
LUT4        ---     0.408             I3 to O              \receive_module/rx_counter/FRAME_COUNTER_74_add_4_7_lut
Route         1   e 1.020                                  \receive_module/rx_counter/n30
                  --------
                    9.318  (25.8% logic, 74.2% route), 6 logic levels.

Report: 10.959 ns is the maximum delay for this constraint.



================================================================================
Constraint: create_clock -period 20.000000 -name clk0 [get_nets ADV_CLK_c]
            0 items scored, 0 timing errors detected.
--------------------------------------------------------------------------------

Timing Report Summary
--------------
--------------------------------------------------------------------------------
Constraint                              |   Constraint|       Actual|Levels
--------------------------------------------------------------------------------
                                        |             |             |
create_clock -period 20.000000 -name    |             |             |
clk1 [get_nets TVP_CLK_c]               |    20.000 ns|    10.959 ns|     7  
                                        |             |             |
create_clock -period 20.000000 -name    |             |             |
clk0 [get_nets ADV_CLK_c]               |            -|            -|     0  
                                        |             |             |
--------------------------------------------------------------------------------


All constraints were met.



Timing summary:
---------------

Timing errors: 0  Score: 0

Constraints cover  77 paths, 26 nets, and 64 connections (16.8% coverage)


Peak memory: 40714240 bytes, TRCE: 0 bytes, DLYMAN: 0 bytes
CPU_TIME_REPORT: 0 secs 
